
Hexadecimal

Area                               Addr   Size   Decimal Bytes (Attributes)
--------------------------------   ----   ----   ------- ----- ------------
.  .ABS.                           0000   0000 =      0. bytes (ABS,OVR)

      Value  Global
   --------  --------------------------------
     0000    l_XSEG
     0000    l__CODE
     0000    s_XSEG
     0000    s__CODE
     0000    l_BSEG
     0000    s_CODE
     0000    l_DSEG
     0000    s_BSEG
     0000    l_ISEG
     0000    l_OSEG
     0001    l_SSEG
     000D    l_GSINIT
     0012    l_CSEG
     0030    s_OSEG
     0030    s_SSEG
     0030    s_DSEG
     0033    s_GSINIT
     0033    l_CODE
     0040    s_CSEG
     0080    s_ISEG

Hexadecimal

Area                               Addr   Size   Decimal Bytes (Attributes)
--------------------------------   ----   ----   ------- ----- ------------
_CODE                              0000   0000 =      0. bytes (REL,CON)

Hexadecimal

Area                               Addr   Size   Decimal Bytes (Attributes)
--------------------------------   ----   ----   ------- ----- ------------
DSEG                               0030   0000 =      0. bytes (REL,CON)

Hexadecimal

Area                               Addr   Size   Decimal Bytes (Attributes)
--------------------------------   ----   ----   ------- ----- ------------
OSEG                               0030   0000 =      0. bytes (REL,OVR)

Hexadecimal

Area                               Addr   Size   Decimal Bytes (Attributes)
--------------------------------   ----   ----   ------- ----- ------------
SSEG                               0030   0001 =      1. bytes (REL,CON)

Hexadecimal

Area                               Addr   Size   Decimal Bytes (Attributes)
--------------------------------   ----   ----   ------- ----- ------------
ISEG                               0080   0000 =      0. bytes (REL,CON)

Hexadecimal

Area                               Addr   Size   Decimal Bytes (Attributes)
--------------------------------   ----   ----   ------- ----- ------------
BSEG                               0000   0000 =      0. bytes (REL,CON,BIT)

Hexadecimal

Area                               Addr   Size   Decimal Bytes (Attributes)
--------------------------------   ----   ----   ------- ----- ------------
XSEG                               0000   0000 =      0. bytes (REL,CON,XDATA)

Hexadecimal

Area                               Addr   Size   Decimal Bytes (Attributes)
--------------------------------   ----   ----   ------- ----- ------------
CODE                               0000   0033 =     51. bytes (REL,CON,CODE)

      Value  Global
   --------  --------------------------------
  0C:0000    A$test_stack$50
  0C:0003    A$test_stack$51
  0C:000B    A$test_stack$53
  0C:0013    A$test_stack$55
  0C:001B    A$test_stack$57
  0C:0023    A$test_stack$59
  0C:002B    A$test_stack$61

Hexadecimal

Area                               Addr   Size   Decimal Bytes (Attributes)
--------------------------------   ----   ----   ------- ----- ------------
GSINIT                             0033   000D =     13. bytes (REL,CON,CODE)

      Value  Global
   --------  --------------------------------
  0C:0033    A$test_stack$68
  0C:0036    A$test_stack$69
  0C:0039    A$test_stack$70
  0C:003B    A$test_stack$71
  0C:003D    A$test_stack$72

Hexadecimal

Area                               Addr   Size   Decimal Bytes (Attributes)
--------------------------------   ----   ----   ------- ----- ------------
CSEG                               0040   0012 =     18. bytes (REL,CON,CODE)

      Value  Global
   --------  --------------------------------
  0C:0040    A$test_stack$79
  0C:0043    A$test_stack$81
  0C:0046    G$jaj$0$0
  0C:0046    _jaj
  0C:0046    C$test_stack.c$1$0$0
  0C:0046    C$test_stack.c$3$1$1
  0C:0046    A$test_stack$99
  0C:0049    A$test_stack$103
  0C:0049    XG$jaj$0$0
  0C:0049    C$test_stack.c$4$1$1
  0C:004A    _main
  0C:004A    A$test_stack$113
  0C:004A    C$test_stack.c$6$1$1
  0C:004A    C$test_stack.c$8$1$1
  0C:004A    G$main$0$0
  0C:004D    XG$main$0$0
  0C:004D    A$test_stack$117
  0C:004D    C$test_stack.c$9$1$1
  0C:004E    G$_sdcc_external_startup$0$0
  0C:004E    __sdcc_external_startup
  0C:004E    A$_startup$60
  0C:0051    XG$_sdcc_external_startup$0$0
  0C:0051    C$_startup.c$33$1$1
  0C:0051    A$_startup$64
ASxxxx Linker V01.70 + NoICE + SDCC Feb 1999,  page 1.

Files Linked	  [ module(s) ]

test_stack      	[ test_sta ]

Libraries Linked		       [   object  file   ]

/stuff/sdcc/share/sdcc51lib/small/libsdcc.lib    [         _startup ]

ASxxxx Linker V01.70 + NoICE + SDCC Feb 1999,  page 2.

User Base Address Definitions

CODE = 0x0000
DSEG = 0x0030
XSEG = 0x0000
ISEG = 0x0080
BSEG = 0x0000

